// Jest Snapshot v1, https://goo.gl/fbAQLP

exports[`App renders correctly (after data is returned from server) 1`] = `
<div>
  <h1>
    graphql-optics
  </h1>
  <div>
    <h2>
      Aggregations
    </h2>
    <ul>
      <li>
        allLocations
         - 
        442
      </li>
      <li>
        allFlights
         - 
        3342
      </li>
      <li>
        allWhatever
         - 
        2
      </li>
    </ul>
  </div>
</div>
`;
