// Jest Snapshot v1, https://goo.gl/fbAQLP

exports[`App renders correctly (after data is returned from server) 1`] = `
<div
  style={
    Object {
      "display": "flex",
      "flexDirection": "row",
    }
  }
>
  <div
    style={
      Object {
        "height": "100vh",
        "overflowY": "auto",
        "paddingRight": "40px",
        "width": "30%",
      }
    }
  >
    <div
      className="button"
      onClick={[Function]}
      style={
        Object {
          "fontFamily": "sans-serif",
        }
      }
    >
      <span
        style={
          Object {
            "flexGrow": 1,
          }
        }
      >
        allLocations
      </span>
      <span>
        442
      </span>
    </div>
    <div
      className="button"
      onClick={[Function]}
      style={
        Object {
          "fontFamily": "sans-serif",
        }
      }
    >
      <span
        style={
          Object {
            "flexGrow": 1,
          }
        }
      >
        allFlights
      </span>
      <span>
        3342
      </span>
    </div>
    <div
      className="button"
      onClick={[Function]}
      style={
        Object {
          "fontFamily": "sans-serif",
        }
      }
    >
      <span
        style={
          Object {
            "flexGrow": 1,
          }
        }
      >
        allWhatever
      </span>
      <span>
        2
      </span>
    </div>
  </div>
</div>
`
