// Jest Snapshot v1, https://goo.gl/fbAQLP

exports[`renders correctly 1`] = `
<div
  className="button"
  onClick={[Function]}
  style={
    Object {
      "fontFamily": "sans-serif",
    }
  }
>
  <span
    style={
      Object {
        "flexGrow": 1,
      }
    }
  >
    allLocations
  </span>
  <span>
    6
  </span>
</div>
`
